// Jest Snapshot v1, https://goo.gl/fbAQLP

exports[`DogInfo should render 1`] = `
<div>
  <div
    class="MuiBox-root css-l530ik"
  >
    <button
      class="MuiButtonBase-root MuiIconButton-root MuiIconButton-colorPrimary MuiIconButton-sizeSmall css-10rc6rd-MuiButtonBase-root-MuiIconButton-root"
      id=":r0:"
      tabindex="0"
      type="button"
    >
      <svg
        aria-hidden="true"
        class="MuiSvgIcon-root MuiSvgIcon-fontSizeMedium css-1umw9bq-MuiSvgIcon-root"
        data-testid="KeyboardArrowDownIcon"
        focusable="false"
        viewBox="0 0 24 24"
      >
        <path
          d="M7.41 8.59 12 13.17l4.59-4.58L18 10l-6 6-6-6z"
        />
      </svg>
    </button>
    <div
      class="MuiBox-root css-1qbrvqz"
    >
      <div
        class="MuiBox-root css-1jw9kr7"
      >
        <p
          class="MuiTypography-root MuiTypography-body1 css-rizt0-MuiTypography-root"
        >
          registration.dog
        </p>
        <p
          class="MuiFormHelperText-root css-1b0t562-MuiFormHelperText-root"
        />
      </div>
      <div
        class="MuiCollapse-root MuiCollapse-vertical MuiCollapse-entered css-qr6njo-MuiCollapse-root"
        style="min-height: 0px;"
      >
        <div
          class="MuiCollapse-wrapper MuiCollapse-vertical css-1x6hinx-MuiCollapse-wrapper"
        >
          <div
            class="MuiCollapse-wrapperInner MuiCollapse-vertical css-1i4ywhz-MuiCollapse-wrapperInner"
          >
            <div
              class="MuiBox-root css-e1h6et"
            >
              <div
                class="MuiGrid2-root MuiGrid2-container MuiGrid2-direction-xs-row MuiGrid2-spacing-xs-1 css-xod1t6-MuiGrid2-root"
              >
                <div
                  class="MuiGrid2-root MuiGrid2-direction-xs-row MuiGrid2-grid-xs-12 MuiGrid2-grid-sm-7 MuiGrid2-grid-md-6 MuiGrid2-grid-lg-3 css-fell26-MuiGrid2-root"
                >
                  <div
                    class="MuiFormControl-root MuiFormControl-fullWidth css-ytlejw-MuiFormControl-root"
                  >
                    <div
                      class="MuiBox-root css-70qvj9"
                    >
                      <div
                        class="MuiAutocomplete-root MuiAutocomplete-hasClearIcon css-1l4p8mg-MuiAutocomplete-root"
                      >
                        <div
                          class="MuiFormControl-root MuiFormControl-fullWidth MuiTextField-root css-cmpglg-MuiFormControl-root-MuiTextField-root"
                        >
                          <label
                            class="MuiFormLabel-root MuiInputLabel-root MuiInputLabel-formControl MuiInputLabel-animated MuiInputLabel-shrink MuiInputLabel-sizeMedium MuiInputLabel-outlined MuiFormLabel-colorPrimary MuiFormLabel-filled MuiInputLabel-root MuiInputLabel-formControl MuiInputLabel-animated MuiInputLabel-shrink MuiInputLabel-sizeMedium MuiInputLabel-outlined css-113d811-MuiFormLabel-root-MuiInputLabel-root"
                            data-shrink="true"
                            for="txtReknro"
                            id="txtReknro-label"
                          >
                            dog.regNo
                          </label>
                          <div
                            class="MuiInputBase-root MuiOutlinedInput-root MuiInputBase-colorPrimary MuiInputBase-fullWidth MuiInputBase-formControl MuiInputBase-adornedEnd MuiAutocomplete-inputRoot css-1n04w30-MuiInputBase-root-MuiOutlinedInput-root"
                          >
                            <input
                              aria-autocomplete="list"
                              aria-expanded="false"
                              aria-invalid="false"
                              autocapitalize="none"
                              autocomplete="off"
                              class="MuiInputBase-input MuiOutlinedInput-input MuiInputBase-inputAdornedEnd MuiAutocomplete-input MuiAutocomplete-inputFocused css-1dune0f-MuiInputBase-input-MuiOutlinedInput-input"
                              id="txtReknro"
                              role="combobox"
                              spellcheck="false"
                              type="text"
                              value="TESTDOG-0010"
                            />
                            <div
                              class="MuiAutocomplete-endAdornment css-1uhhrmm-MuiAutocomplete-endAdornment"
                            >
                              <button
                                aria-label="Clear"
                                class="MuiButtonBase-root MuiIconButton-root MuiIconButton-sizeMedium MuiAutocomplete-clearIndicator css-1x7n7v0-MuiButtonBase-root-MuiIconButton-root-MuiAutocomplete-clearIndicator"
                                id=":r3:"
                                tabindex="-1"
                                title="Clear"
                                type="button"
                              >
                                <svg
                                  aria-hidden="true"
                                  class="MuiSvgIcon-root MuiSvgIcon-fontSizeSmall css-120dh41-MuiSvgIcon-root"
                                  data-testid="CloseIcon"
                                  focusable="false"
                                  viewBox="0 0 24 24"
                                >
                                  <path
                                    d="M19 6.41L17.59 5 12 10.59 6.41 5 5 6.41 10.59 12 5 17.59 6.41 19 12 13.41 17.59 19 19 17.59 13.41 12z"
                                  />
                                </svg>
                              </button>
                            </div>
                            <fieldset
                              aria-hidden="true"
                              class="MuiOutlinedInput-notchedOutline css-1ll44ll-MuiOutlinedInput-notchedOutline"
                            >
                              <legend
                                class="css-w1u3ce"
                              >
                                <span>
                                  dog.regNo
                                </span>
                              </legend>
                            </fieldset>
                          </div>
                        </div>
                      </div>
                      <button
                        class="MuiButtonBase-root MuiButton-root MuiButton-contained MuiButton-containedPrimary MuiButton-sizeMedium MuiButton-containedSizeMedium MuiButton-colorPrimary MuiButton-root MuiButton-contained MuiButton-containedPrimary MuiButton-sizeMedium MuiButton-containedSizeMedium MuiButton-colorPrimary css-74d805-MuiButtonBase-root-MuiButton-root"
                        id=":r4:"
                        tabindex="0"
                        type="button"
                      >
                        registration.cta.update
                      </button>
                      <span
                        class="MuiCircularProgress-root MuiCircularProgress-indeterminate MuiCircularProgress-colorPrimary css-1gn9erm-MuiCircularProgress-root"
                        role="progressbar"
                        style="width: 28px; height: 28px;"
                      >
                        <svg
                          class="MuiCircularProgress-svg css-54pwck-MuiCircularProgress-svg"
                          viewBox="22 22 44 44"
                        >
                          <circle
                            class="MuiCircularProgress-circle MuiCircularProgress-circleIndeterminate css-19t5dcl-MuiCircularProgress-circle"
                            cx="44"
                            cy="44"
                            fill="none"
                            r="20.2"
                            stroke-width="3.6"
                          />
                        </svg>
                      </span>
                    </div>
                    <p
                      class="MuiFormHelperText-root MuiFormHelperText-sizeMedium MuiFormHelperText-contained css-er619e-MuiFormHelperText-root"
                    >
                      registration.cta.helper.update date
                    </p>
                  </div>
                </div>
                <div
                  class="MuiGrid2-root MuiGrid2-direction-xs-row MuiGrid2-grid-xs-12 MuiGrid2-grid-sm-5 MuiGrid2-grid-md-6 MuiGrid2-grid-lg-3 css-4f5vsa-MuiGrid2-root"
                >
                  <div
                    class="MuiFormControl-root MuiFormControl-fullWidth MuiTextField-root fact css-cmpglg-MuiFormControl-root-MuiTextField-root"
                  >
                    <label
                      class="MuiFormLabel-root MuiInputLabel-root MuiInputLabel-formControl MuiInputLabel-animated MuiInputLabel-shrink MuiInputLabel-sizeMedium MuiInputLabel-outlined MuiFormLabel-colorPrimary Mui-disabled MuiFormLabel-filled MuiInputLabel-root MuiInputLabel-formControl MuiInputLabel-animated MuiInputLabel-shrink MuiInputLabel-sizeMedium MuiInputLabel-outlined css-113d811-MuiFormLabel-root-MuiInputLabel-root"
                      data-shrink="true"
                      for=":r5:"
                      id=":r5:-label"
                    >
                      dog.rfid
                    </label>
                    <div
                      class="MuiInputBase-root MuiOutlinedInput-root MuiInputBase-colorPrimary Mui-disabled MuiInputBase-fullWidth MuiInputBase-formControl css-1blp12k-MuiInputBase-root-MuiOutlinedInput-root"
                    >
                      <input
                        aria-invalid="false"
                        class="MuiInputBase-input MuiOutlinedInput-input Mui-disabled css-16wblaj-MuiInputBase-input-MuiOutlinedInput-input"
                        disabled=""
                        id=":r5:"
                        type="text"
                        value="1234567890123456"
                      />
                      <fieldset
                        aria-hidden="true"
                        class="MuiOutlinedInput-notchedOutline css-1ll44ll-MuiOutlinedInput-notchedOutline"
                      >
                        <legend
                          class="css-w1u3ce"
                        >
                          <span>
                            dog.rfid
                          </span>
                        </legend>
                      </fieldset>
                    </div>
                  </div>
                </div>
                <div
                  class="MuiGrid2-root MuiGrid2-container MuiGrid2-direction-xs-row MuiGrid2-grid-xs-12 MuiGrid2-grid-lg-6 MuiGrid2-spacing-xs-1 css-1oeyevi-MuiGrid2-root"
                >
                  <div
                    class="MuiGrid2-root MuiGrid2-container MuiGrid2-direction-xs-row MuiGrid2-grid-xs-12 MuiGrid2-spacing-xs-1 css-jhnp0g-MuiGrid2-root"
                  >
                    <div
                      class="MuiGrid2-root MuiGrid2-direction-xs-row MuiGrid2-grid-xs-12 MuiGrid2-grid-md-6 css-1odx5a8-MuiGrid2-root"
                    >
                      <div
                        class="MuiFormControl-root MuiFormControl-fullWidth MuiTextField-root fact css-cmpglg-MuiFormControl-root-MuiTextField-root"
                      >
                        <label
                          class="MuiFormLabel-root MuiInputLabel-root MuiInputLabel-formControl MuiInputLabel-animated MuiInputLabel-shrink MuiInputLabel-sizeMedium MuiInputLabel-outlined MuiFormLabel-colorPrimary MuiFormLabel-filled MuiInputLabel-root MuiInputLabel-formControl MuiInputLabel-animated MuiInputLabel-shrink MuiInputLabel-sizeMedium MuiInputLabel-outlined css-113d811-MuiFormLabel-root-MuiInputLabel-root"
                          data-shrink="true"
                          for="dog_titles"
                          id="dog_titles-label"
                        >
                          dog.titles
                        </label>
                        <div
                          class="MuiInputBase-root MuiOutlinedInput-root MuiInputBase-colorPrimary MuiInputBase-fullWidth MuiInputBase-formControl css-1blp12k-MuiInputBase-root-MuiOutlinedInput-root"
                        >
                          <input
                            aria-invalid="false"
                            class="MuiInputBase-input MuiOutlinedInput-input css-16wblaj-MuiInputBase-input-MuiOutlinedInput-input"
                            id="dog_titles"
                            type="text"
                            value="DOG TITLES"
                          />
                          <fieldset
                            aria-hidden="true"
                            class="MuiOutlinedInput-notchedOutline css-1ll44ll-MuiOutlinedInput-notchedOutline"
                          >
                            <legend
                              class="css-w1u3ce"
                            >
                              <span>
                                dog.titles
                              </span>
                            </legend>
                          </fieldset>
                        </div>
                      </div>
                    </div>
                    <div
                      class="MuiGrid2-root MuiGrid2-direction-xs-row MuiGrid2-grid-xs-12 MuiGrid2-grid-md-6 css-1odx5a8-MuiGrid2-root"
                    >
                      <div
                        class="MuiFormControl-root MuiFormControl-fullWidth MuiTextField-root fact css-cmpglg-MuiFormControl-root-MuiTextField-root"
                      >
                        <label
                          class="MuiFormLabel-root MuiInputLabel-root MuiInputLabel-formControl MuiInputLabel-animated MuiInputLabel-shrink MuiInputLabel-sizeMedium MuiInputLabel-outlined MuiFormLabel-colorPrimary Mui-disabled MuiFormLabel-filled MuiInputLabel-root MuiInputLabel-formControl MuiInputLabel-animated MuiInputLabel-shrink MuiInputLabel-sizeMedium MuiInputLabel-outlined css-113d811-MuiFormLabel-root-MuiInputLabel-root"
                          data-shrink="true"
                          for="dog_name"
                          id="dog_name-label"
                        >
                          dog.name
                        </label>
                        <div
                          class="MuiInputBase-root MuiOutlinedInput-root MuiInputBase-colorPrimary Mui-disabled MuiInputBase-fullWidth MuiInputBase-formControl css-1blp12k-MuiInputBase-root-MuiOutlinedInput-root"
                        >
                          <input
                            aria-invalid="false"
                            class="MuiInputBase-input MuiOutlinedInput-input Mui-disabled css-16wblaj-MuiInputBase-input-MuiOutlinedInput-input"
                            disabled=""
                            id="dog_name"
                            type="text"
                            value="DOG NAME 10"
                          />
                          <fieldset
                            aria-hidden="true"
                            class="MuiOutlinedInput-notchedOutline css-1ll44ll-MuiOutlinedInput-notchedOutline"
                          >
                            <legend
                              class="css-w1u3ce"
                            >
                              <span>
                                dog.name
                              </span>
                            </legend>
                          </fieldset>
                        </div>
                      </div>
                    </div>
                  </div>
                </div>
                <div
                  class="MuiGrid2-root MuiGrid2-direction-xs-row MuiGrid2-grid-xs-6 MuiGrid2-grid-sm-3 MuiGrid2-grid-lg-3 css-18f6thb-MuiGrid2-root"
                >
                  <div
                    class="MuiFormControl-root MuiFormControl-fullWidth fact css-ytlejw-MuiFormControl-root"
                  >
                    <div
                      class="MuiFormControl-root MuiTextField-root css-1b1fjlj-MuiFormControl-root-MuiTextField-root"
                    >
                      <label
                        class="MuiFormLabel-root MuiInputLabel-root MuiInputLabel-formControl MuiInputLabel-animated MuiInputLabel-shrink MuiInputLabel-sizeMedium MuiInputLabel-outlined MuiFormLabel-colorPrimary Mui-disabled MuiFormLabel-filled MuiInputLabel-root MuiInputLabel-formControl MuiInputLabel-animated MuiInputLabel-shrink MuiInputLabel-sizeMedium MuiInputLabel-outlined css-113d811-MuiFormLabel-root-MuiInputLabel-root"
                        data-shrink="true"
                        for=":r8:"
                        id=":r8:-label"
                      >
                        dog.dob
                      </label>
                      <div
                        class="MuiInputBase-root MuiOutlinedInput-root MuiInputBase-colorPrimary Mui-disabled MuiInputBase-formControl MuiInputBase-adornedEnd css-jupps9-MuiInputBase-root-MuiOutlinedInput-root"
                      >
                        <input
                          aria-invalid="false"
                          autocomplete="off"
                          class="MuiInputBase-input MuiOutlinedInput-input Mui-disabled MuiInputBase-inputAdornedEnd css-1dune0f-MuiInputBase-input-MuiOutlinedInput-input"
                          disabled=""
                          id=":r8:"
                          inputmode="text"
                          placeholder="DD.MM.YYYY"
                          type="text"
                          value="10.04.2020"
                        />
                        <div
                          class="MuiInputAdornment-root MuiInputAdornment-positionEnd MuiInputAdornment-outlined MuiInputAdornment-sizeMedium css-elo8k2-MuiInputAdornment-root"
                        >
                          <button
                            aria-label="Choose date, selected date is 10. huhti 2020"
                            class="MuiButtonBase-root Mui-disabled MuiIconButton-root Mui-disabled MuiIconButton-edgeEnd MuiIconButton-sizeMedium css-1ysp02-MuiButtonBase-root-MuiIconButton-root"
                            disabled=""
                            id=":ra:"
                            tabindex="-1"
                            type="button"
                          >
                            <svg
                              aria-hidden="true"
                              class="MuiSvgIcon-root MuiSvgIcon-fontSizeMedium css-1umw9bq-MuiSvgIcon-root"
                              data-testid="CalendarIcon"
                              focusable="false"
                              viewBox="0 0 24 24"
                            >
                              <path
                                d="M17 12h-5v5h5v-5zM16 1v2H8V1H6v2H5c-1.11 0-1.99.9-1.99 2L3 19c0 1.1.89 2 2 2h14c1.1 0 2-.9 2-2V5c0-1.1-.9-2-2-2h-1V1h-2zm3 18H5V8h14v11z"
                              />
                            </svg>
                          </button>
                        </div>
                        <fieldset
                          aria-hidden="true"
                          class="MuiOutlinedInput-notchedOutline css-1ll44ll-MuiOutlinedInput-notchedOutline"
                        >
                          <legend
                            class="css-w1u3ce"
                          >
                            <span>
                              dog.dob
                            </span>
                          </legend>
                        </fieldset>
                      </div>
                    </div>
                  </div>
                </div>
                <div
                  class="MuiGrid2-root MuiGrid2-direction-xs-row MuiGrid2-grid-xs-6 MuiGrid2-grid-sm-3 MuiGrid2-grid-lg-3 css-18f6thb-MuiGrid2-root"
                >
                  <div
                    class="MuiAutocomplete-root MuiAutocomplete-fullWidth MuiAutocomplete-hasPopupIcon fact css-1w98mmc-MuiAutocomplete-root"
                    data-testid="dog.gender"
                  >
                    <div
                      class="MuiFormControl-root MuiFormControl-fullWidth MuiTextField-root css-cmpglg-MuiFormControl-root-MuiTextField-root"
                    >
                      <label
                        class="MuiFormLabel-root MuiInputLabel-root MuiInputLabel-formControl MuiInputLabel-animated MuiInputLabel-shrink MuiInputLabel-sizeMedium MuiInputLabel-outlined MuiFormLabel-colorPrimary Mui-disabled MuiFormLabel-filled MuiInputLabel-root MuiInputLabel-formControl MuiInputLabel-animated MuiInputLabel-shrink MuiInputLabel-sizeMedium MuiInputLabel-outlined css-113d811-MuiFormLabel-root-MuiInputLabel-root"
                        data-shrink="true"
                        for=":rb:"
                        id=":rb:-label"
                      >
                        dog.gender
                      </label>
                      <div
                        class="MuiInputBase-root MuiOutlinedInput-root MuiInputBase-colorPrimary Mui-disabled MuiInputBase-fullWidth MuiInputBase-formControl MuiInputBase-adornedEnd MuiAutocomplete-inputRoot css-1n04w30-MuiInputBase-root-MuiOutlinedInput-root"
                      >
                        <input
                          aria-autocomplete="list"
                          aria-expanded="false"
                          aria-invalid="false"
                          autocapitalize="none"
                          autocomplete="off"
                          class="MuiInputBase-input MuiOutlinedInput-input Mui-disabled MuiInputBase-inputAdornedEnd MuiAutocomplete-input MuiAutocomplete-inputFocused css-1dune0f-MuiInputBase-input-MuiOutlinedInput-input"
                          disabled=""
                          id=":rb:"
                          role="combobox"
                          spellcheck="false"
                          type="text"
                          value="dog.genderChoises.M"
                        />
                        <div
                          class="MuiAutocomplete-endAdornment css-1uhhrmm-MuiAutocomplete-endAdornment"
                        >
                          <button
                            aria-label="Open"
                            class="MuiButtonBase-root Mui-disabled MuiIconButton-root Mui-disabled MuiIconButton-sizeMedium MuiAutocomplete-popupIndicator css-2y136s-MuiButtonBase-root-MuiIconButton-root-MuiAutocomplete-popupIndicator"
                            disabled=""
                            id=":rd:"
                            tabindex="-1"
                            title="Open"
                            type="button"
                          >
                            <svg
                              aria-hidden="true"
                              class="MuiSvgIcon-root MuiSvgIcon-fontSizeMedium css-1umw9bq-MuiSvgIcon-root"
                              data-testid="ArrowDropDownIcon"
                              focusable="false"
                              viewBox="0 0 24 24"
                            >
                              <path
                                d="M7 10l5 5 5-5z"
                              />
                            </svg>
                          </button>
                        </div>
                        <fieldset
                          aria-hidden="true"
                          class="MuiOutlinedInput-notchedOutline css-1ll44ll-MuiOutlinedInput-notchedOutline"
                        >
                          <legend
                            class="css-w1u3ce"
                          >
                            <span>
                              dog.gender
                            </span>
                          </legend>
                        </fieldset>
                      </div>
                    </div>
                  </div>
                </div>
                <div
                  class="MuiGrid2-root MuiGrid2-direction-xs-row MuiGrid2-grid-xs-12 MuiGrid2-grid-sm-6 css-1lu792j-MuiGrid2-root"
                >
                  <div
                    class="MuiAutocomplete-root MuiAutocomplete-fullWidth MuiAutocomplete-hasPopupIcon fact css-1w98mmc-MuiAutocomplete-root"
                    data-testid="dog.breed"
                  >
                    <div
                      class="MuiFormControl-root MuiFormControl-fullWidth MuiTextField-root css-cmpglg-MuiFormControl-root-MuiTextField-root"
                    >
                      <label
                        class="MuiFormLabel-root MuiInputLabel-root MuiInputLabel-formControl MuiInputLabel-animated MuiInputLabel-shrink MuiInputLabel-sizeMedium MuiInputLabel-outlined MuiFormLabel-colorPrimary Mui-disabled MuiFormLabel-filled MuiInputLabel-root MuiInputLabel-formControl MuiInputLabel-animated MuiInputLabel-shrink MuiInputLabel-sizeMedium MuiInputLabel-outlined css-113d811-MuiFormLabel-root-MuiInputLabel-root"
                        data-shrink="true"
                        for=":re:"
                        id=":re:-label"
                      >
                        dog.breed
                      </label>
                      <div
                        class="MuiInputBase-root MuiOutlinedInput-root MuiInputBase-colorPrimary Mui-disabled MuiInputBase-fullWidth MuiInputBase-formControl MuiInputBase-adornedEnd MuiAutocomplete-inputRoot css-1n04w30-MuiInputBase-root-MuiOutlinedInput-root"
                      >
                        <input
                          aria-autocomplete="list"
                          aria-expanded="false"
                          aria-invalid="false"
                          autocapitalize="none"
                          autocomplete="off"
                          class="MuiInputBase-input MuiOutlinedInput-input Mui-disabled MuiInputBase-inputAdornedEnd MuiAutocomplete-input MuiAutocomplete-inputFocused css-1dune0f-MuiInputBase-input-MuiOutlinedInput-input"
                          disabled=""
                          id=":re:"
                          role="combobox"
                          spellcheck="false"
                          type="text"
                          value="110"
                        />
                        <div
                          class="MuiAutocomplete-endAdornment css-1uhhrmm-MuiAutocomplete-endAdornment"
                        >
                          <button
                            aria-label="Open"
                            class="MuiButtonBase-root Mui-disabled MuiIconButton-root Mui-disabled MuiIconButton-sizeMedium MuiAutocomplete-popupIndicator css-2y136s-MuiButtonBase-root-MuiIconButton-root-MuiAutocomplete-popupIndicator"
                            disabled=""
                            id=":rg:"
                            tabindex="-1"
                            title="Open"
                            type="button"
                          >
                            <svg
                              aria-hidden="true"
                              class="MuiSvgIcon-root MuiSvgIcon-fontSizeMedium css-1umw9bq-MuiSvgIcon-root"
                              data-testid="ArrowDropDownIcon"
                              focusable="false"
                              viewBox="0 0 24 24"
                            >
                              <path
                                d="M7 10l5 5 5-5z"
                              />
                            </svg>
                          </button>
                        </div>
                        <fieldset
                          aria-hidden="true"
                          class="MuiOutlinedInput-notchedOutline css-1ll44ll-MuiOutlinedInput-notchedOutline"
                        >
                          <legend
                            class="css-w1u3ce"
                          >
                            <span>
                              dog.breed
                            </span>
                          </legend>
                        </fieldset>
                      </div>
                    </div>
                  </div>
                </div>
                <div
                  class="MuiGrid2-root MuiGrid2-direction-xs-row MuiGrid2-grid-xs-12 MuiGrid2-grid-lg-6 css-ke8zsm-MuiGrid2-root"
                >
                  <div
                    class="MuiFormControl-root MuiFormControl-fullWidth MuiTextField-root css-cmpglg-MuiFormControl-root-MuiTextField-root"
                  >
                    <label
                      class="MuiFormLabel-root MuiInputLabel-root MuiInputLabel-formControl MuiInputLabel-animated MuiInputLabel-shrink MuiInputLabel-sizeMedium MuiInputLabel-outlined MuiFormLabel-colorPrimary MuiFormLabel-filled MuiInputLabel-root MuiInputLabel-formControl MuiInputLabel-animated MuiInputLabel-shrink MuiInputLabel-sizeMedium MuiInputLabel-outlined css-113d811-MuiFormLabel-root-MuiInputLabel-root"
                      data-shrink="true"
                      for="sire"
                      id="sire-label"
                    >
                      dog.sire.name
                    </label>
                    <div
                      class="MuiInputBase-root MuiOutlinedInput-root MuiInputBase-colorPrimary MuiInputBase-fullWidth MuiInputBase-formControl css-1blp12k-MuiInputBase-root-MuiOutlinedInput-root"
                    >
                      <input
                        aria-invalid="false"
                        class="MuiInputBase-input MuiOutlinedInput-input css-16wblaj-MuiInputBase-input-MuiOutlinedInput-input"
                        id="sire"
                        type="text"
                        value="Sire Name"
                      />
                      <fieldset
                        aria-hidden="true"
                        class="MuiOutlinedInput-notchedOutline css-1ll44ll-MuiOutlinedInput-notchedOutline"
                      >
                        <legend
                          class="css-w1u3ce"
                        >
                          <span>
                            dog.sire.name
                          </span>
                        </legend>
                      </fieldset>
                    </div>
                  </div>
                </div>
                <div
                  class="MuiGrid2-root MuiGrid2-direction-xs-row MuiGrid2-grid-xs-12 MuiGrid2-grid-lg-6 css-ke8zsm-MuiGrid2-root"
                >
                  <div
                    class="MuiFormControl-root MuiFormControl-fullWidth MuiTextField-root css-cmpglg-MuiFormControl-root-MuiTextField-root"
                  >
                    <label
                      class="MuiFormLabel-root MuiInputLabel-root MuiInputLabel-formControl MuiInputLabel-animated MuiInputLabel-shrink MuiInputLabel-sizeMedium MuiInputLabel-outlined MuiFormLabel-colorPrimary MuiFormLabel-filled MuiInputLabel-root MuiInputLabel-formControl MuiInputLabel-animated MuiInputLabel-shrink MuiInputLabel-sizeMedium MuiInputLabel-outlined css-113d811-MuiFormLabel-root-MuiInputLabel-root"
                      data-shrink="true"
                      for="dam"
                      id="dam-label"
                    >
                      dog.dam.name
                    </label>
                    <div
                      class="MuiInputBase-root MuiOutlinedInput-root MuiInputBase-colorPrimary MuiInputBase-fullWidth MuiInputBase-formControl css-1blp12k-MuiInputBase-root-MuiOutlinedInput-root"
                    >
                      <input
                        aria-invalid="false"
                        class="MuiInputBase-input MuiOutlinedInput-input css-16wblaj-MuiInputBase-input-MuiOutlinedInput-input"
                        id="dam"
                        type="text"
                        value="Dam Name"
                      />
                      <fieldset
                        aria-hidden="true"
                        class="MuiOutlinedInput-notchedOutline css-1ll44ll-MuiOutlinedInput-notchedOutline"
                      >
                        <legend
                          class="css-w1u3ce"
                        >
                          <span>
                            dog.dam.name
                          </span>
                        </legend>
                      </fieldset>
                    </div>
                  </div>
                </div>
              </div>
            </div>
          </div>
        </div>
      </div>
    </div>
  </div>
</div>
`;
