// Jest Snapshot v1, https://goo.gl/fbAQLP

exports[`DayPlacesTable should render correctly with totalEnabled=false 1`] = `
<div>
  <table
    class="MuiTable-root css-1nkh8i9-MuiTable-root"
  >
    <thead
      class="MuiTableHead-root css-1a7iywq-MuiTableHead-root"
    >
      <tr
        class="MuiTableRow-root MuiTableRow-head css-1xtozoh-MuiTableRow-root"
      >
        <th
          class="MuiTableCell-root MuiTableCell-head MuiTableCell-alignLeft MuiTableCell-sizeSmall css-cdeinc-MuiTableCell-root"
          scope="col"
        >
          date
        </th>
        <th
          class="MuiTableCell-root MuiTableCell-head MuiTableCell-alignCenter MuiTableCell-sizeSmall css-m4o53m-MuiTableCell-root"
          scope="col"
        >
          Paikat
        </th>
      </tr>
    </thead>
    <tbody
      class="MuiTableBody-root css-gmh7jj-MuiTableBody-root"
    >
      <tr
        class="MuiTableRow-root css-1xtozoh-MuiTableRow-root"
      >
        <th
          class="MuiTableCell-root MuiTableCell-body MuiTableCell-sizeSmall css-jiabcu-MuiTableCell-root"
          scope="row"
        >
          eeeeee d.M.
        </th>
        <td
          class="MuiTableCell-root MuiTableCell-body MuiTableCell-alignCenter MuiTableCell-sizeSmall css-wsxt5g-MuiTableCell-root"
        >
          <div
            class="MuiFormControl-root MuiTextField-root css-1xp5r68-MuiFormControl-root-MuiTextField-root"
            inputmode="numeric"
          >
            <div
              class="MuiInputBase-root MuiOutlinedInput-root MuiInputBase-colorPrimary MuiInputBase-formControl MuiInputBase-sizeSmall css-quhxjy-MuiInputBase-root-MuiOutlinedInput-root"
            >
              <input
                aria-invalid="false"
                class="MuiInputBase-input MuiOutlinedInput-input MuiInputBase-inputSizeSmall css-1pzfmz2-MuiInputBase-input-MuiOutlinedInput-input"
                id=":r3:"
                pattern="[0-9]{1,3}"
                style="text-align: right; padding: 4px;"
                type="text"
                value="5"
              />
              <fieldset
                aria-hidden="true"
                class="MuiOutlinedInput-notchedOutline css-18p5xg2-MuiNotchedOutlined-root-MuiOutlinedInput-notchedOutline"
              >
                <legend
                  class="css-1nf2c5d-MuiNotchedOutlined-root"
                >
                  <span
                    aria-hidden="true"
                    class="notranslate"
                  >
                    ​
                  </span>
                </legend>
              </fieldset>
            </div>
          </div>
        </td>
      </tr>
      <tr
        class="MuiTableRow-root css-1xtozoh-MuiTableRow-root"
      >
        <th
          class="MuiTableCell-root MuiTableCell-body MuiTableCell-sizeSmall css-jiabcu-MuiTableCell-root"
          scope="row"
        >
          eeeeee d.M.
        </th>
        <td
          class="MuiTableCell-root MuiTableCell-body MuiTableCell-alignCenter MuiTableCell-sizeSmall css-wsxt5g-MuiTableCell-root"
        >
          <div
            class="MuiFormControl-root MuiTextField-root css-1xp5r68-MuiFormControl-root-MuiTextField-root"
            inputmode="numeric"
          >
            <div
              class="MuiInputBase-root MuiOutlinedInput-root MuiInputBase-colorPrimary MuiInputBase-formControl MuiInputBase-sizeSmall css-quhxjy-MuiInputBase-root-MuiOutlinedInput-root"
            >
              <input
                aria-invalid="false"
                class="MuiInputBase-input MuiOutlinedInput-input MuiInputBase-inputSizeSmall css-1pzfmz2-MuiInputBase-input-MuiOutlinedInput-input"
                id=":r4:"
                pattern="[0-9]{1,3}"
                style="text-align: right; padding: 4px;"
                type="text"
                value="5"
              />
              <fieldset
                aria-hidden="true"
                class="MuiOutlinedInput-notchedOutline css-18p5xg2-MuiNotchedOutlined-root-MuiOutlinedInput-notchedOutline"
              >
                <legend
                  class="css-1nf2c5d-MuiNotchedOutlined-root"
                >
                  <span
                    aria-hidden="true"
                    class="notranslate"
                  >
                    ​
                  </span>
                </legend>
              </fieldset>
            </div>
          </div>
        </td>
      </tr>
      <tr
        class="MuiTableRow-root css-1xtozoh-MuiTableRow-root"
      >
        <th
          class="MuiTableCell-root MuiTableCell-body MuiTableCell-sizeSmall css-jiabcu-MuiTableCell-root"
          scope="row"
        >
          Yhteensä
        </th>
        <td
          class="MuiTableCell-root MuiTableCell-body MuiTableCell-alignCenter MuiTableCell-sizeSmall css-wsxt5g-MuiTableCell-root"
        >
          <div
            class="MuiFormControl-root MuiTextField-root css-1xp5r68-MuiFormControl-root-MuiTextField-root"
            inputmode="numeric"
          >
            <div
              class="MuiInputBase-root MuiOutlinedInput-root MuiInputBase-colorPrimary Mui-disabled MuiInputBase-formControl MuiInputBase-sizeSmall css-quhxjy-MuiInputBase-root-MuiOutlinedInput-root"
            >
              <input
                aria-invalid="false"
                class="MuiInputBase-input MuiOutlinedInput-input Mui-disabled MuiInputBase-inputSizeSmall css-1pzfmz2-MuiInputBase-input-MuiOutlinedInput-input"
                disabled=""
                id="event.places"
                pattern="[0-9]{1,3}"
                style="text-align: right; padding: 4px;"
                type="text"
                value="10"
              />
              <fieldset
                aria-hidden="true"
                class="MuiOutlinedInput-notchedOutline css-18p5xg2-MuiNotchedOutlined-root-MuiOutlinedInput-notchedOutline"
              >
                <legend
                  class="css-1nf2c5d-MuiNotchedOutlined-root"
                >
                  <span
                    aria-hidden="true"
                    class="notranslate"
                  >
                    ​
                  </span>
                </legend>
              </fieldset>
            </div>
          </div>
        </td>
      </tr>
    </tbody>
  </table>
</div>
`;

exports[`DayPlacesTable should render correctly with totalEnabled=true 1`] = `
<div>
  <table
    class="MuiTable-root css-1nkh8i9-MuiTable-root"
  >
    <thead
      class="MuiTableHead-root css-1a7iywq-MuiTableHead-root"
    >
      <tr
        class="MuiTableRow-root MuiTableRow-head css-1xtozoh-MuiTableRow-root"
      >
        <th
          class="MuiTableCell-root MuiTableCell-head MuiTableCell-alignLeft MuiTableCell-sizeSmall css-cdeinc-MuiTableCell-root"
          scope="col"
        >
          date
        </th>
        <th
          class="MuiTableCell-root MuiTableCell-head MuiTableCell-alignCenter MuiTableCell-sizeSmall css-m4o53m-MuiTableCell-root"
          scope="col"
        >
          Paikat
        </th>
      </tr>
    </thead>
    <tbody
      class="MuiTableBody-root css-gmh7jj-MuiTableBody-root"
    >
      <tr
        class="MuiTableRow-root css-1xtozoh-MuiTableRow-root"
      >
        <th
          class="MuiTableCell-root MuiTableCell-body MuiTableCell-sizeSmall css-jiabcu-MuiTableCell-root"
          scope="row"
        >
          eeeeee d.M.
        </th>
        <td
          class="MuiTableCell-root MuiTableCell-body MuiTableCell-alignCenter MuiTableCell-sizeSmall css-wsxt5g-MuiTableCell-root"
        >
          <div
            class="MuiFormControl-root MuiTextField-root css-1xp5r68-MuiFormControl-root-MuiTextField-root"
            inputmode="numeric"
          >
            <div
              class="MuiInputBase-root MuiOutlinedInput-root MuiInputBase-colorPrimary Mui-disabled MuiInputBase-formControl MuiInputBase-sizeSmall css-quhxjy-MuiInputBase-root-MuiOutlinedInput-root"
            >
              <input
                aria-invalid="false"
                class="MuiInputBase-input MuiOutlinedInput-input Mui-disabled MuiInputBase-inputSizeSmall css-1pzfmz2-MuiInputBase-input-MuiOutlinedInput-input"
                disabled=""
                id=":r0:"
                pattern="[0-9]{1,3}"
                style="text-align: right; padding: 4px;"
                type="text"
                value="5"
              />
              <fieldset
                aria-hidden="true"
                class="MuiOutlinedInput-notchedOutline css-18p5xg2-MuiNotchedOutlined-root-MuiOutlinedInput-notchedOutline"
              >
                <legend
                  class="css-1nf2c5d-MuiNotchedOutlined-root"
                >
                  <span
                    aria-hidden="true"
                    class="notranslate"
                  >
                    ​
                  </span>
                </legend>
              </fieldset>
            </div>
          </div>
        </td>
      </tr>
      <tr
        class="MuiTableRow-root css-1xtozoh-MuiTableRow-root"
      >
        <th
          class="MuiTableCell-root MuiTableCell-body MuiTableCell-sizeSmall css-jiabcu-MuiTableCell-root"
          scope="row"
        >
          eeeeee d.M.
        </th>
        <td
          class="MuiTableCell-root MuiTableCell-body MuiTableCell-alignCenter MuiTableCell-sizeSmall css-wsxt5g-MuiTableCell-root"
        >
          <div
            class="MuiFormControl-root MuiTextField-root css-1xp5r68-MuiFormControl-root-MuiTextField-root"
            inputmode="numeric"
          >
            <div
              class="MuiInputBase-root MuiOutlinedInput-root MuiInputBase-colorPrimary Mui-disabled MuiInputBase-formControl MuiInputBase-sizeSmall css-quhxjy-MuiInputBase-root-MuiOutlinedInput-root"
            >
              <input
                aria-invalid="false"
                class="MuiInputBase-input MuiOutlinedInput-input Mui-disabled MuiInputBase-inputSizeSmall css-1pzfmz2-MuiInputBase-input-MuiOutlinedInput-input"
                disabled=""
                id=":r1:"
                pattern="[0-9]{1,3}"
                style="text-align: right; padding: 4px;"
                type="text"
                value="5"
              />
              <fieldset
                aria-hidden="true"
                class="MuiOutlinedInput-notchedOutline css-18p5xg2-MuiNotchedOutlined-root-MuiOutlinedInput-notchedOutline"
              >
                <legend
                  class="css-1nf2c5d-MuiNotchedOutlined-root"
                >
                  <span
                    aria-hidden="true"
                    class="notranslate"
                  >
                    ​
                  </span>
                </legend>
              </fieldset>
            </div>
          </div>
        </td>
      </tr>
      <tr
        class="MuiTableRow-root css-1xtozoh-MuiTableRow-root"
      >
        <th
          class="MuiTableCell-root MuiTableCell-body MuiTableCell-sizeSmall css-jiabcu-MuiTableCell-root"
          scope="row"
        >
          Yhteensä
        </th>
        <td
          class="MuiTableCell-root MuiTableCell-body MuiTableCell-alignCenter MuiTableCell-sizeSmall css-wsxt5g-MuiTableCell-root"
        >
          <div
            class="MuiFormControl-root MuiTextField-root css-1xp5r68-MuiFormControl-root-MuiTextField-root"
            inputmode="numeric"
          >
            <div
              class="MuiInputBase-root MuiOutlinedInput-root MuiInputBase-colorPrimary MuiInputBase-formControl MuiInputBase-sizeSmall css-quhxjy-MuiInputBase-root-MuiOutlinedInput-root"
            >
              <input
                aria-invalid="false"
                class="MuiInputBase-input MuiOutlinedInput-input MuiInputBase-inputSizeSmall css-1pzfmz2-MuiInputBase-input-MuiOutlinedInput-input"
                id="event.places"
                pattern="[0-9]{1,3}"
                style="text-align: right; padding: 4px;"
                type="text"
                value="10"
              />
              <fieldset
                aria-hidden="true"
                class="MuiOutlinedInput-notchedOutline css-18p5xg2-MuiNotchedOutlined-root-MuiOutlinedInput-notchedOutline"
              >
                <legend
                  class="css-1nf2c5d-MuiNotchedOutlined-root"
                >
                  <span
                    aria-hidden="true"
                    class="notranslate"
                  >
                    ​
                  </span>
                </legend>
              </fieldset>
            </div>
          </div>
        </td>
      </tr>
    </tbody>
  </table>
</div>
`;
