// Jest Snapshot v1, https://goo.gl/fbAQLP

exports[`RefundFooter renders 1`] = `
<div>
  <div
    class="MuiDataGrid-root MuiDataGrid-root--densityStandard MuiDataGrid-root--noToolbar MuiDataGrid-withBorderColor css-4k60b2-MuiDataGrid-root"
    style="--DataGrid-width: 0px; --DataGrid-hasScrollX: 0; --DataGrid-hasScrollY: 0; --DataGrid-scrollbarSize: 0px; --DataGrid-rowWidth: 0px; --DataGrid-columnsTotalWidth: 0px; --DataGrid-leftPinnedWidth: 0px; --DataGrid-rightPinnedWidth: 0px; --DataGrid-headerHeight: 56px; --DataGrid-headersTotalHeight: 56px; --DataGrid-topContainerHeight: 56px; --DataGrid-bottomContainerHeight: 0px; --height: 52px;"
  >
    <div
      aria-colcount="0"
      aria-multiselectable="false"
      aria-rowcount="1"
      class="MuiDataGrid-main css-3eek4p-MuiDataGrid-main"
      role="grid"
      tabindex="-1"
    >
      <div
        class="css-qtdhae"
        data-id="gridPanelAnchor"
        role="presentation"
      />
      <div
        class="MuiDataGrid-virtualScroller css-1793420-MuiDataGrid-virtualScroller"
        role="presentation"
        style="overflow-x: hidden;"
      >
        <div
          class="MuiDataGrid-topContainer MuiDataGrid-container--top css-2sp4oa"
          role="presentation"
        >
          <div
            class="MuiDataGrid-columnHeaders css-1pmk00y-MuiDataGrid-columnHeaders"
            role="presentation"
          >
            <div
              aria-rowindex="1"
              class="MuiDataGrid-row--borderBottom css-yrdy0g-MuiDataGrid-columnHeaderRow"
              role="row"
            >
              <div
                role="presentation"
                style="width: 0px;"
              />
              <div
                class="MuiDataGrid-filler"
                role="presentation"
              />
              <div
                class="MuiDataGrid-scrollbarFiller MuiDataGrid-scrollbarFiller--header"
                role="presentation"
              />
            </div>
          </div>
        </div>
        <div
          class="MuiDataGrid-overlayWrapper css-74bi4q-MuiDataGrid-overlayWrapper"
        >
          <div
            class="MuiDataGrid-overlayWrapperInner css-1akuw9y-MuiDataGrid-overlayWrapperInner"
            style="height: -56px; width: 0px;"
          >
            <div
              class="MuiDataGrid-overlay css-1w53k9d-MuiDataGrid-overlay"
            >
              No rows
            </div>
          </div>
        </div>
        <div
          class="MuiDataGrid-virtualScrollerContent css-1kwdphh-MuiDataGrid-virtualScrollerContent"
          role="presentation"
          style="width: auto; height: 0px;"
        >
          <div
            class="MuiDataGrid-virtualScrollerRenderZone css-s1v7zr-MuiDataGrid-virtualScrollerRenderZone"
            role="rowgroup"
            style="transform: translate3d(0, 0px, 0);"
          />
        </div>
        <div
          class="MuiDataGrid-bottomContainer MuiDataGrid-container--bottom css-14egwce"
          role="presentation"
        />
      </div>
    </div>
    <div
      class="MuiDataGrid-footerContainer MuiDataGrid-withBorderColor css-wop1k0-MuiDataGrid-footerContainer"
    >
      <div
        class="MuiBox-root css-4y84eq"
      />
      <div
        class="MuiBox-root css-4y84eq"
      >
        <table
          class="MuiTable-root css-rqglhn-MuiTable-root"
        >
          <tbody
            class="MuiTableBody-root css-apqrd9-MuiTableBody-root"
          >
            <tr
              class="MuiTableRow-root css-1q1u3t4-MuiTableRow-root"
            >
              <td
                class="MuiTableCell-root MuiTableCell-body MuiTableCell-alignRight MuiTableCell-sizeSmall css-2ign9w-MuiTableCell-root"
              >
                Tapahtumat yhteensä:
              </td>
              <td
                class="MuiTableCell-root MuiTableCell-body MuiTableCell-alignRight MuiTableCell-sizeSmall css-4m1h4o-MuiTableCell-root"
              >
                10,00 €
              </td>
            </tr>
            <tr
              class="MuiTableRow-root css-1q1u3t4-MuiTableRow-root"
            >
              <td
                class="MuiTableCell-root MuiTableCell-body MuiTableCell-alignRight MuiTableCell-sizeSmall css-2ign9w-MuiTableCell-root"
              >
                Käsittelykulu:
              </td>
              <td
                class="MuiTableCell-root MuiTableCell-body MuiTableCell-alignRight MuiTableCell-sizeSmall css-4m1h4o-MuiTableCell-root"
              >
                <div
                  class="MuiFormControl-root MuiTextField-root css-1uj9o6-MuiFormControl-root-MuiTextField-root"
                  inputmode="numeric"
                >
                  <div
                    class="MuiInputBase-root MuiInput-root MuiInput-underline MuiInputBase-colorPrimary MuiInputBase-formControl MuiInputBase-sizeSmall MuiInputBase-adornedEnd css-r5in8e-MuiInputBase-root-MuiInput-root"
                  >
                    <input
                      aria-invalid="false"
                      class="MuiInputBase-input MuiInput-input MuiInputBase-inputSizeSmall MuiInputBase-inputAdornedEnd css-15stavw-MuiInputBase-input-MuiInput-input"
                      id=":r0:"
                      pattern="[0-9]{1,3},[0-9]{2}"
                      style="text-align: right; padding: 4px; font-size: 14px;"
                      type="text"
                      value="5,00"
                    />
                    <div
                      class="MuiInputAdornment-root MuiInputAdornment-positionEnd MuiInputAdornment-standard MuiInputAdornment-sizeSmall css-w4mehe-MuiInputAdornment-root"
                    >
                      €
                    </div>
                  </div>
                </div>
              </td>
            </tr>
            <tr
              class="MuiTableRow-root css-1q1u3t4-MuiTableRow-root"
            >
              <td
                class="MuiTableCell-root MuiTableCell-body MuiTableCell-alignRight MuiTableCell-sizeSmall css-2ign9w-MuiTableCell-root"
              >
                Palautetaan:
              </td>
              <td
                class="MuiTableCell-root MuiTableCell-body MuiTableCell-alignRight MuiTableCell-sizeSmall css-4m1h4o-MuiTableCell-root"
              >
                <strong>
                  5,00 €
                </strong>
              </td>
            </tr>
          </tbody>
        </table>
      </div>
    </div>
  </div>
</div>
`;
