// Jest Snapshot v1, https://goo.gl/fbAQLP

exports[`TimeLeft renders with date 1`] = `
<p
  class="MuiTypography-root MuiTypography-body1 css-150xto-MuiTypography-root"
>
  dateFormat.distanceLeft date
</p>
`;

exports[`TimeLeft renders without date 1`] = `null`;
