// Jest Snapshot v1, https://goo.gl/fbAQLP

exports[`EventTable should render 1`] = `
<div>
  <div
    class="MuiTableContainer-root css-rorn0c-MuiTableContainer-root"
  >
    <table
      aria-label="event table"
      class="MuiTable-root css-166vbg3-MuiTable-root"
    >
      <tbody
        class="MuiTableBody-root css-apqrd9-MuiTableBody-root"
      >
        <tr
          class="MuiTableRow-root css-zedogf-MuiTableRow-root"
        >
          <td
            class="MuiTableCell-root MuiTableCell-body MuiTableCell-sizeMedium css-1ex1afd-MuiTableCell-root"
          >
            <div
              class="MuiGrid-root MuiGrid-container css-1vam7s3-MuiGrid-root"
            >
              <div
                class="MuiGrid-root MuiGrid-item MuiGrid-grid-xs-auto css-kcsfla-MuiGrid-root"
              >
                <button
                  aria-label="expand row"
                  class="MuiButtonBase-root MuiIconButton-root MuiIconButton-colorPrimary MuiIconButton-sizeSmall css-tov16f-MuiButtonBase-root-MuiIconButton-root"
                  tabindex="0"
                  type="button"
                >
                  <svg
                    aria-hidden="true"
                    class="MuiSvgIcon-root MuiSvgIcon-fontSizeMedium css-i4bv87-MuiSvgIcon-root"
                    data-testid="KeyboardArrowRightIcon"
                    focusable="false"
                    viewBox="0 0 24 24"
                  >
                    <path
                      d="M8.59 16.59 13.17 12 8.59 7.41 10 6l6 6-6 6z"
                    />
                  </svg>
                  <span
                    class="MuiTouchRipple-root css-8je8zh-MuiTouchRipple-root"
                  />
                </button>
              </div>
              <div
                class="MuiGrid-root MuiGrid-container MuiGrid-item MuiGrid-spacing-xs-1 MuiGrid-grid-xs-true css-1vnu3cm-MuiGrid-root"
              >
                <div
                  class="MuiGrid-root MuiGrid-container MuiGrid-item MuiGrid-spacing-xs-1 MuiGrid-grid-xs-12 MuiGrid-grid-md-6 css-1s2fltb-MuiGrid-root"
                >
                  <div
                    class="MuiGrid-root MuiGrid-item MuiGrid-grid-xs-1.5 css-nad1t9-MuiGrid-root"
                  >
                    dateFormat.datespan
                  </div>
                  <div
                    class="MuiGrid-root MuiGrid-item MuiGrid-grid-xs-3 css-19p55ea-MuiGrid-root"
                  >
                    test
                  </div>
                  <div
                    class="MuiGrid-root MuiGrid-item MuiGrid-grid-xs-2.2 css-1v3x1rz-MuiGrid-root"
                  >
                    ALO
                  </div>
                  <div
                    class="MuiGrid-root MuiGrid-item MuiGrid-grid-xs-5.3 css-b6ab0t-MuiGrid-root"
                  >
                    test
                     (test)
                  </div>
                </div>
                <div
                  class="MuiGrid-root MuiGrid-container MuiGrid-item MuiGrid-spacing-xs-1 MuiGrid-grid-xs-12 MuiGrid-grid-md-6 css-xn8b0u-MuiGrid-root"
                >
                  <div
                    class="MuiGrid-root MuiGrid-item MuiGrid-grid-xs-6 MuiGrid-grid-md-7.2 css-xe449a-MuiGrid-root"
                  >
                    Suomen Noutajakoirajärjestö ry
                  </div>
                  <div
                    class="MuiGrid-root MuiGrid-item MuiGrid-grid-xs-3 MuiGrid-grid-md-1.8 css-1dcqehh-MuiGrid-root"
                  >
                    <div
                      class="MuiBox-root css-s2uf1z"
                    >
                      10 toltaPlaces
                    </div>
                  </div>
                  <div
                    class="MuiGrid-root MuiGrid-item MuiGrid-grid-xs-3 MuiGrid-grid-md-3 css-1xd4zan-MuiGrid-root"
                  >
                    <div
                      class="MuiBox-root css-bmuutb"
                    />
                  </div>
                </div>
              </div>
            </div>
            <div
              class="MuiCollapse-root MuiCollapse-vertical MuiCollapse-hidden css-fhr8k5-MuiCollapse-root"
              style="min-height: 0px;"
            >
              <div
                class="MuiCollapse-wrapper MuiCollapse-vertical css-smkl36-MuiCollapse-wrapper"
              >
                <div
                  class="MuiCollapse-wrapperInner MuiCollapse-vertical css-9l5vo-MuiCollapse-wrapperInner"
                >
                  <table
                    aria-label="details"
                    class="MuiTable-root css-ii9sbb-MuiTable-root"
                  >
                    <tbody
                      class="MuiTableBody-root css-apqrd9-MuiTableBody-root"
                    >
                      <tr
                        class="MuiTableRow-root css-1n6kcfq-MuiTableRow-root"
                      >
                        <th
                          class="MuiTableCell-root MuiTableCell-body MuiTableCell-sizeSmall css-dsuxgy-MuiTableCell-root"
                          scope="row"
                        >
                          entryTime
                          :
                        </th>
                        <td
                          class="MuiTableCell-root MuiTableCell-body MuiTableCell-sizeSmall css-dsuxgy-MuiTableCell-root"
                        >
                          dateFormat.datespan
                          <span
                            class="info"
                          />
                        </td>
                      </tr>
                      <tr
                        class="MuiTableRow-root css-1n6kcfq-MuiTableRow-root"
                      >
                        <th
                          class="MuiTableCell-root MuiTableCell-body MuiTableCell-sizeSmall css-dsuxgy-MuiTableCell-root"
                          scope="row"
                        >
                          event.classes
                          :
                        </th>
                        <td
                          class="MuiTableCell-root MuiTableCell-body MuiTableCell-sizeSmall css-dsuxgy-MuiTableCell-root"
                        >
                          <table
                            class="MuiTable-root css-1k2pdqd-MuiTable-root"
                          >
                            <tbody
                              class="MuiTableBody-root css-apqrd9-MuiTableBody-root"
                            >
                              <tr
                                class="MuiTableRow-root css-1n6kcfq-MuiTableRow-root"
                              >
                                <th
                                  class="MuiTableCell-root MuiTableCell-body MuiTableCell-sizeSmall css-dsuxgy-MuiTableCell-root"
                                  scope="row"
                                >
                                  eeeeee d.M.
                                </th>
                                <th
                                  class="MuiTableCell-root MuiTableCell-body MuiTableCell-sizeSmall css-dsuxgy-MuiTableCell-root"
                                  scope="row"
                                >
                                  ALO
                                </th>
                                <th
                                  class="MuiTableCell-root MuiTableCell-body MuiTableCell-sizeSmall css-dsuxgy-MuiTableCell-root"
                                  scope="row"
                                />
                                <th
                                  class="MuiTableCell-root MuiTableCell-body MuiTableCell-alignRight MuiTableCell-sizeSmall css-dv0mq-MuiTableCell-root"
                                  scope="row"
                                />
                                <th
                                  class="MuiTableCell-root MuiTableCell-body MuiTableCell-alignRight MuiTableCell-sizeSmall css-dv0mq-MuiTableCell-root"
                                  scope="row"
                                />
                                <th
                                  class="MuiTableCell-root MuiTableCell-body MuiTableCell-sizeSmall css-dsuxgy-MuiTableCell-root"
                                  scope="row"
                                />
                                <td
                                  class="MuiTableCell-root MuiTableCell-body MuiTableCell-sizeSmall css-dsuxgy-MuiTableCell-root"
                                />
                              </tr>
                            </tbody>
                          </table>
                        </td>
                      </tr>
                      <tr
                        class="MuiTableRow-root css-1n6kcfq-MuiTableRow-root"
                      >
                        <th
                          class="MuiTableCell-root MuiTableCell-body MuiTableCell-sizeSmall css-dsuxgy-MuiTableCell-root"
                          rowspan="1"
                          scope="row"
                        >
                          event.judges
                          :
                        </th>
                        <td
                          class="MuiTableCell-root MuiTableCell-body MuiTableCell-sizeSmall css-dsuxgy-MuiTableCell-root"
                        >
                          Tuomari 1
                        </td>
                      </tr>
                      <tr
                        class="MuiTableRow-root css-1n6kcfq-MuiTableRow-root"
                      >
                        <th
                          class="MuiTableCell-root MuiTableCell-body MuiTableCell-sizeSmall css-dsuxgy-MuiTableCell-root"
                          scope="row"
                        >
                          event.official
                          :
                        </th>
                        <td
                          class="MuiTableCell-root MuiTableCell-body MuiTableCell-sizeSmall css-dsuxgy-MuiTableCell-root"
                        >
                          Teemu Toimitsija, 040-official, official@example.com
                        </td>
                      </tr>
                      <tr
                        class="MuiTableRow-root css-1n6kcfq-MuiTableRow-root"
                      >
                        <th
                          class="MuiTableCell-root MuiTableCell-body MuiTableCell-sizeSmall css-dsuxgy-MuiTableCell-root"
                          scope="row"
                        >
                          event.secretary
                          :
                        </th>
                        <td
                          class="MuiTableCell-root MuiTableCell-body MuiTableCell-sizeSmall css-dsuxgy-MuiTableCell-root"
                        >
                          Siiri Sihteeri, 040-secretary, secretary@example.com
                        </td>
                      </tr>
                      <tr
                        class="MuiTableRow-root css-1n6kcfq-MuiTableRow-root"
                      >
                        <th
                          class="MuiTableCell-root MuiTableCell-body MuiTableCell-sizeSmall css-dsuxgy-MuiTableCell-root"
                          scope="row"
                        >
                          paymentDetails
                          :
                        </th>
                        <td
                          class="MuiTableCell-root MuiTableCell-body MuiTableCell-sizeSmall css-dsuxgy-MuiTableCell-root"
                        >
                          event.cost
                          : 
                          123
                           €
                          <br />
                          event.costMember
                          : 
                          123
                           €
                          <br />
                        </td>
                      </tr>
                      <tr
                        class="MuiTableRow-root css-1n6kcfq-MuiTableRow-root"
                      >
                        <th
                          class="MuiTableCell-root MuiTableCell-body MuiTableCell-sizeSmall css-dsuxgy-MuiTableCell-root"
                          scope="row"
                        >
                          event.priority
                          :
                        </th>
                        <td
                          class="MuiTableCell-root MuiTableCell-body MuiTableCell-sizeSmall css-dsuxgy-MuiTableCell-root"
                        >
                          <div
                            class="MuiChip-root MuiChip-filled MuiChip-sizeSmall MuiChip-colorDefault MuiChip-filledDefault css-1w6a0pi-MuiChip-root"
                          >
                            <span
                              class="MuiChip-label MuiChip-labelSmall css-wjsjww-MuiChip-label"
                            >
                              Jäsenet
                            </span>
                          </div>
                        </td>
                      </tr>
                      <tr
                        class="MuiTableRow-root css-1n6kcfq-MuiTableRow-root"
                      >
                        <th
                          class="MuiTableCell-root MuiTableCell-body MuiTableCell-sizeSmall css-dsuxgy-MuiTableCell-root"
                          scope="row"
                        >
                          event.description
                          :
                        </th>
                        <td
                          class="MuiTableCell-root MuiTableCell-body MuiTableCell-sizeSmall css-dsuxgy-MuiTableCell-root"
                        >
                          test
                        </td>
                      </tr>
                    </tbody>
                  </table>
                </div>
              </div>
            </div>
          </td>
        </tr>
      </tbody>
    </table>
  </div>
</div>
`;

exports[`EventTable should render with empty result 1`] = `
<div>
  <div
    class="MuiBox-root css-fzwid6"
  >
    noResults
  </div>
</div>
`;
