// Jest Snapshot v1, https://goo.gl/fbAQLP

exports[`routes should match a snapshot 1`] = `
[
  {
    "children": [
      {
        "element": <SearchPage />,
        "index": true,
      },
      {
        "element": <RegistrationCreatePage />,
        "path": "event/:eventType/:id/:class/:date",
      },
      {
        "element": <RegistrationCreatePage />,
        "path": "event/:eventType/:id/:class",
      },
      {
        "element": <RegistrationCreatePage />,
        "path": "event/:eventType/:id",
      },
      {
        "element": <PaymentPage />,
        "loader": [Function],
        "path": "p/:id/:registrationId",
      },
      {
        "element": <React.Fragment>
          loading...
        </React.Fragment>,
        "loader": [Function],
        "path": "p/success",
      },
      {
        "element": <React.Fragment>
          loading...
        </React.Fragment>,
        "loader": [Function],
        "path": "p/cancel",
      },
      {
        "element": <RegistrationListPage
          cancel={true}
        />,
        "path": "r/:id/:registrationId/cancel",
      },
      {
        "element": <RegistrationListPage
          confirm={true}
        />,
        "path": "r/:id/:registrationId/confirm",
      },
      {
        "element": <RegistrationEditPage />,
        "path": "r/:id/:registrationId/edit",
      },
      {
        "element": <React.Fragment>
          loading...
        </React.Fragment>,
        "loader": [Function],
        "path": "r/:id/:registrationId/invitation",
      },
      {
        "element": <RegistrationListPage />,
        "path": "r/:id/:registrationId/saved",
      },
      {
        "element": <RegistrationListPage />,
        "path": "r/:id/:registrationId",
      },
    ],
    "element": <HomePage />,
    "errorElement": <ErrorPage />,
    "path": "/",
  },
  {
    "element": <LoginPage />,
    "errorElement": <ErrorPage />,
    "path": "/login",
  },
  {
    "element": <Navigate
      replace={true}
      to="/"
    />,
    "errorElement": <ErrorPage />,
    "path": "/logout",
  },
  {
    "children": [
      {
        "element": <Navigate
          replace={true}
          to="/admin/event"
        />,
        "index": true,
      },
      {
        "lazy": [Function],
        "path": "/admin/event",
      },
      {
        "lazy": [Function],
        "path": "/admin/event/create",
      },
      {
        "lazy": [Function],
        "path": "/admin/event/edit/:id",
      },
      {
        "lazy": [Function],
        "path": "/admin/event/view/:id",
      },
      {
        "lazy": [Function],
        "path": "/admin/organizations",
      },
      {
        "lazy": [Function],
        "path": "/admin/officials",
      },
      {
        "lazy": [Function],
        "path": "/admin/users",
      },
      {
        "lazy": [Function],
        "path": "/admin/judge",
      },
      {
        "lazy": [Function],
        "path": "/admin/types",
      },
      {
        "lazy": [Function],
        "path": "/admin/templates",
      },
    ],
    "errorElement": <ErrorPage />,
    "lazy": [Function],
    "path": "/admin",
  },
  {
    "errorElement": <ErrorPage />,
    "lazy": [Function],
    "path": "/admin/event/startlist/:id",
  },
  {
    "element": <StartListPage />,
    "errorElement": <ErrorPage />,
    "loader": [Function],
    "path": "/startlist/:id",
  },
  {
    "element": <SupportPage />,
    "path": "support",
  },
  {
    "element": <TermsPage />,
    "path": "terms",
  },
  {
    "element": <Navigate
      replace={true}
      to="/"
    />,
    "path": "frmEtusivu.aspx",
  },
  {
    "element": <Navigate
      replace={true}
      to="/"
    />,
    "path": "frmKoekalenteri.aspx",
  },
  {
    "element": <Navigate
      replace={true}
      to="/"
    />,
    "path": "frmKalenteri.aspx",
  },
]
`;
