// Jest Snapshot v1, https://goo.gl/fbAQLP

exports[`EventEditPage renders properly 1`] = `
<div>
  <div>
    loading...
  </div>
</div>
`;
